GIt RESET Command Sytax.

If we add the file to git and unstage a file while retaining the changes in working directory.
################################################################################################


[root@Controller data]# git status
On branch hot-fixes
Your branch is up to date with 'origin/hot-fixes'.

Untracked files:
  (use "git add <file>..." to include in what will be committed)
        git-config.txt

nothing added to commit but untracked files present (use "git add" to track)
[root@Controller data]#
[root@Controller data]#
[root@Controller data]# git add .
[root@Controller data]#
[root@Controller data]#
[root@Controller data]# git status
On branch hot-fixes
Your branch is up to date with 'origin/hot-fixes'.

Changes to be committed:
  (use "git restore --staged <file>..." to unstage)
        new file:   git-config.txt

[root@Controller data]#
[root@Controller data]#
[root@Controller data]# git reset git-config.txt
[root@Controller data]#
[root@Controller data]#
[root@Controller data]#
[root@Controller data]# git status
On branch hot-fixes
Your branch is up to date with 'origin/hot-fixes'.

Untracked files:
  (use "git add <file>..." to include in what will be committed)
        git-config.txt

nothing added to commit but untracked files present (use "git add" to track)
[root@Controller data]#

