git Initiliase the File and Commits
===================================

[root@Controller data]# git init .
hint: Using 'master' as the name for the initial branch. This default branch name
hint: is subject to change. To configure the initial branch name to use in all
hint: of your new repositories, which will suppress this warning, call:
hint:
hint:   git config --global init.defaultBranch <name>
hint:
hint: Names commonly chosen instead of 'master' are 'main', 'trunk' and
hint: 'development'. The just-created branch can be renamed via this command:
hint:
hint:   git branch -m <name>
Initialized empty Git repository in /data/.git/
[root@Controller data]#



[root@Controller data]# git branch
* master
[root@Controller data]#



[root@Controller data]# git status
On branch master

No commits yet

Untracked files:
  (use "git add <file>..." to include in what will be committed)
        test-git.txt

nothing added to commit but untracked files present (use "git add" to track)


[root@Controller data]# cat test-git.txt
My First File Created in the git

[root@Controller data]# git add test-git.txt
[root@Controller data]#
[root@Controller data]# git status
On branch master

No commits yet

Changes to be committed:
  (use "git rm --cached <file>..." to unstage)
        new file:   test-git.txt

[root@Controller data]#


[root@Controller data]# git commit -m "First file commited"
[master (root-commit) cb04bad] First file commited
 1 file changed, 1 insertion(+)
 create mode 100644 test-git.txt
[root@Controller data]#


[root@Controller data]# git status
On branch master
nothing to commit, working tree clean
[root@Controller data]#
[root@Controller data]#

